// Jest Snapshot v1, https://goo.gl/fbAQLP

exports[`CurvedBackground matches snapshot 1`] = `
<View
  collapsable={false}
  style={
    [
      {
        "alignSelf": "center",
        "height": 400,
        "position": "absolute",
        "top": 80,
        "width": 400,
      },
      {
        "transform": [
          {
            "translateY": 10,
          },
        ],
      },
    ]
  }
>
  <View
    colors={
      [
        "#e6e6fa",
        "#ffffff",
      ]
    }
    end={
      {
        "x": 0.5,
        "y": 1,
      }
    }
    start={
      {
        "x": 0.5,
        "y": 0.5,
      }
    }
    style={
      {
        "borderRadius": 200,
        "bottom": 0,
        "left": 0,
        "position": "absolute",
        "right": 0,
        "top": 0,
      }
    }
    testID="linear-gradient"
  />
  <View
    style={
      {
        "backgroundColor": "#e6e6fa",
        "borderRadius": 160,
        "height": 320,
        "left": 40,
        "opacity": 0.5,
        "position": "absolute",
        "top": 40,
        "width": 320,
      }
    }
  />
  <View
    style={
      {
        "backgroundColor": "#ffffff",
        "borderRadius": 100,
        "height": 200,
        "left": 100,
        "opacity": 0.8,
        "position": "absolute",
        "top": 100,
        "width": 200,
      }
    }
  />
</View>
`;
